// Jest Snapshot v1, https://goo.gl/fbAQLP

exports[`Weekly.vue snapshot check 1`] = `
<table
  class="week-view"
  today="Tue Feb 18 2020 02:34:07 GMT+0900"
>
  <thead>
    <tr>
      <th />
       
      <th>
        <span
          class="day"
        >
          16 (Su)
        </span>
      </th>
      <th>
        <span
          class="day"
        >
          17 (Mo)
        </span>
      </th>
      <th>
        <span
          class="day"
        >
          18 (Tu)
        </span>
      </th>
      <th>
        <span
          class="day"
        >
          19 (We)
        </span>
      </th>
      <th>
        <span
          class="day"
        >
          20 (Th)
        </span>
      </th>
      <th>
        <span
          class="day"
        >
          21 (Fr)
        </span>
      </th>
      <th>
        <span
          class="day"
        >
          22 (Sa)
        </span>
      </th>
    </tr>
  </thead>
   
  <tbody>
    <tr>
      <td
        class="hour"
      >
        <span>
          00:00
        </span>
      </td>
       
      <td
        class="hour"
      >
        <dl
          class="event-list"
        />
      </td>
      <td
        class="hour"
      >
        <dl
          class="event-list"
        />
      </td>
      <td
        class="hour"
      >
        <dl
          class="event-list"
        />
      </td>
      <td
        class="hour"
      >
        <dl
          class="event-list"
        />
      </td>
      <td
        class="hour"
      >
        <dl
          class="event-list"
        />
      </td>
      <td
        class="hour"
      >
        <dl
          class="event-list"
        />
      </td>
      <td
        class="hour"
      >
        <dl
          class="event-list"
        />
      </td>
    </tr>
    <tr>
      <td
        class="hour"
      >
        <span>
          01:00
        </span>
      </td>
       
      <td
        class="hour"
      >
        <dl
          class="event-list"
        />
      </td>
      <td
        class="hour"
      >
        <dl
          class="event-list"
        />
      </td>
      <td
        class="hour"
      >
        <dl
          class="event-list"
        />
      </td>
      <td
        class="hour"
      >
        <dl
          class="event-list"
        />
      </td>
      <td
        class="hour"
      >
        <dl
          class="event-list"
        />
      </td>
      <td
        class="hour"
      >
        <dl
          class="event-list"
        />
      </td>
      <td
        class="hour"
      >
        <dl
          class="event-list"
        />
      </td>
    </tr>
    <tr>
      <td
        class="hour"
      >
        <span>
          02:00
        </span>
      </td>
       
      <td
        class="hour"
      >
        <dl
          class="event-list"
        />
      </td>
      <td
        class="hour"
      >
        <dl
          class="event-list"
        />
      </td>
      <td
        class="hour"
      >
        <dl
          class="event-list"
        />
      </td>
      <td
        class="hour"
      >
        <dl
          class="event-list"
        />
      </td>
      <td
        class="hour"
      >
        <dl
          class="event-list"
        />
      </td>
      <td
        class="hour"
      >
        <dl
          class="event-list"
        />
      </td>
      <td
        class="hour"
      >
        <dl
          class="event-list"
        />
      </td>
    </tr>
    <tr>
      <td
        class="hour"
      >
        <span>
          03:00
        </span>
      </td>
       
      <td
        class="hour"
      >
        <dl
          class="event-list"
        />
      </td>
      <td
        class="hour"
      >
        <dl
          class="event-list"
        />
      </td>
      <td
        class="hour"
      >
        <dl
          class="event-list"
        />
      </td>
      <td
        class="hour"
      >
        <dl
          class="event-list"
        />
      </td>
      <td
        class="hour"
      >
        <dl
          class="event-list"
        />
      </td>
      <td
        class="hour"
      >
        <dl
          class="event-list"
        />
      </td>
      <td
        class="hour"
      >
        <dl
          class="event-list"
        />
      </td>
    </tr>
    <tr>
      <td
        class="hour"
      >
        <span>
          04:00
        </span>
      </td>
       
      <td
        class="hour"
      >
        <dl
          class="event-list"
        />
      </td>
      <td
        class="hour"
      >
        <dl
          class="event-list"
        />
      </td>
      <td
        class="hour"
      >
        <dl
          class="event-list"
        />
      </td>
      <td
        class="hour"
      >
        <dl
          class="event-list"
        />
      </td>
      <td
        class="hour"
      >
        <dl
          class="event-list"
        />
      </td>
      <td
        class="hour"
      >
        <dl
          class="event-list"
        />
      </td>
      <td
        class="hour"
      >
        <dl
          class="event-list"
        />
      </td>
    </tr>
    <tr>
      <td
        class="hour"
      >
        <span>
          05:00
        </span>
      </td>
       
      <td
        class="hour"
      >
        <dl
          class="event-list"
        />
      </td>
      <td
        class="hour"
      >
        <dl
          class="event-list"
        />
      </td>
      <td
        class="hour"
      >
        <dl
          class="event-list"
        />
      </td>
      <td
        class="hour"
      >
        <dl
          class="event-list"
        />
      </td>
      <td
        class="hour"
      >
        <dl
          class="event-list"
        />
      </td>
      <td
        class="hour"
      >
        <dl
          class="event-list"
        />
      </td>
      <td
        class="hour"
      >
        <dl
          class="event-list"
        />
      </td>
    </tr>
    <tr>
      <td
        class="hour"
      >
        <span>
          06:00
        </span>
      </td>
       
      <td
        class="hour"
      >
        <dl
          class="event-list"
        />
      </td>
      <td
        class="hour"
      >
        <dl
          class="event-list"
        />
      </td>
      <td
        class="hour"
      >
        <dl
          class="event-list"
        />
      </td>
      <td
        class="hour"
      >
        <dl
          class="event-list"
        />
      </td>
      <td
        class="hour"
      >
        <dl
          class="event-list"
        />
      </td>
      <td
        class="hour"
      >
        <dl
          class="event-list"
        />
      </td>
      <td
        class="hour"
      >
        <dl
          class="event-list"
        />
      </td>
    </tr>
    <tr>
      <td
        class="hour"
      >
        <span>
          07:00
        </span>
      </td>
       
      <td
        class="hour"
      >
        <dl
          class="event-list"
        />
      </td>
      <td
        class="hour"
      >
        <dl
          class="event-list"
        />
      </td>
      <td
        class="hour"
      >
        <dl
          class="event-list"
        />
      </td>
      <td
        class="hour"
      >
        <dl
          class="event-list"
        />
      </td>
      <td
        class="hour"
      >
        <dl
          class="event-list"
        />
      </td>
      <td
        class="hour"
      >
        <dl
          class="event-list"
        />
      </td>
      <td
        class="hour"
      >
        <dl
          class="event-list"
        />
      </td>
    </tr>
    <tr>
      <td
        class="hour"
      >
        <span>
          08:00
        </span>
      </td>
       
      <td
        class="hour"
      >
        <dl
          class="event-list"
        />
      </td>
      <td
        class="hour"
      >
        <dl
          class="event-list"
        />
      </td>
      <td
        class="hour"
      >
        <dl
          class="event-list"
        />
      </td>
      <td
        class="hour"
      >
        <dl
          class="event-list"
        />
      </td>
      <td
        class="hour"
      >
        <dl
          class="event-list"
        />
      </td>
      <td
        class="hour"
      >
        <dl
          class="event-list"
        />
      </td>
      <td
        class="hour"
      >
        <dl
          class="event-list"
        />
      </td>
    </tr>
    <tr>
      <td
        class="hour"
      >
        <span>
          09:00
        </span>
      </td>
       
      <td
        class="hour"
      >
        <dl
          class="event-list"
        />
      </td>
      <td
        class="hour"
      >
        <dl
          class="event-list"
        />
      </td>
      <td
        class="hour"
      >
        <dl
          class="event-list"
        />
      </td>
      <td
        class="hour"
      >
        <dl
          class="event-list"
        />
      </td>
      <td
        class="hour"
      >
        <dl
          class="event-list"
        />
      </td>
      <td
        class="hour"
      >
        <dl
          class="event-list"
        />
      </td>
      <td
        class="hour"
      >
        <dl
          class="event-list"
        />
      </td>
    </tr>
    <tr>
      <td
        class="hour"
      >
        <span>
          10:00
        </span>
      </td>
       
      <td
        class="hour"
      >
        <dl
          class="event-list"
        />
      </td>
      <td
        class="hour"
      >
        <dl
          class="event-list"
        />
      </td>
      <td
        class="hour"
      >
        <dl
          class="event-list"
        />
      </td>
      <td
        class="hour"
      >
        <dl
          class="event-list"
        />
      </td>
      <td
        class="hour"
      >
        <dl
          class="event-list"
        />
      </td>
      <td
        class="hour"
      >
        <dl
          class="event-list"
        />
      </td>
      <td
        class="hour"
      >
        <dl
          class="event-list"
        />
      </td>
    </tr>
    <tr>
      <td
        class="hour"
      >
        <span>
          11:00
        </span>
      </td>
       
      <td
        class="hour"
      >
        <dl
          class="event-list"
        />
      </td>
      <td
        class="hour"
      >
        <dl
          class="event-list"
        />
      </td>
      <td
        class="hour"
      >
        <dl
          class="event-list"
        />
      </td>
      <td
        class="hour"
      >
        <dl
          class="event-list"
        />
      </td>
      <td
        class="hour"
      >
        <dl
          class="event-list"
        />
      </td>
      <td
        class="hour"
      >
        <dl
          class="event-list"
        />
      </td>
      <td
        class="hour"
      >
        <dl
          class="event-list"
        />
      </td>
    </tr>
    <tr>
      <td
        class="hour"
      >
        <span>
          12:00
        </span>
      </td>
       
      <td
        class="hour"
      >
        <dl
          class="event-list"
        />
      </td>
      <td
        class="hour"
      >
        <dl
          class="event-list"
        />
      </td>
      <td
        class="hour"
      >
        <dl
          class="event-list"
        />
      </td>
      <td
        class="hour"
      >
        <dl
          class="event-list"
        />
      </td>
      <td
        class="hour"
      >
        <dl
          class="event-list"
        />
      </td>
      <td
        class="hour"
      >
        <dl
          class="event-list"
        />
      </td>
      <td
        class="hour"
      >
        <dl
          class="event-list"
        />
      </td>
    </tr>
    <tr>
      <td
        class="hour"
      >
        <span>
          13:00
        </span>
      </td>
       
      <td
        class="hour"
      >
        <dl
          class="event-list"
        />
      </td>
      <td
        class="hour"
      >
        <dl
          class="event-list"
        />
      </td>
      <td
        class="hour"
      >
        <dl
          class="event-list"
        />
      </td>
      <td
        class="hour"
      >
        <dl
          class="event-list"
        />
      </td>
      <td
        class="hour"
      >
        <dl
          class="event-list"
        />
      </td>
      <td
        class="hour"
      >
        <dl
          class="event-list"
        />
      </td>
      <td
        class="hour"
      >
        <dl
          class="event-list"
        />
      </td>
    </tr>
    <tr>
      <td
        class="hour"
      >
        <span>
          14:00
        </span>
      </td>
       
      <td
        class="hour"
      >
        <dl
          class="event-list"
        />
      </td>
      <td
        class="hour"
      >
        <dl
          class="event-list"
        />
      </td>
      <td
        class="hour"
      >
        <dl
          class="event-list"
        />
      </td>
      <td
        class="hour"
      >
        <dl
          class="event-list"
        />
      </td>
      <td
        class="hour"
      >
        <dl
          class="event-list"
        />
      </td>
      <td
        class="hour"
      >
        <dl
          class="event-list"
        />
      </td>
      <td
        class="hour"
      >
        <dl
          class="event-list"
        />
      </td>
    </tr>
    <tr>
      <td
        class="hour"
      >
        <span>
          15:00
        </span>
      </td>
       
      <td
        class="hour"
      >
        <dl
          class="event-list"
        />
      </td>
      <td
        class="hour"
      >
        <dl
          class="event-list"
        />
      </td>
      <td
        class="hour"
      >
        <dl
          class="event-list"
        />
      </td>
      <td
        class="hour"
      >
        <dl
          class="event-list"
        />
      </td>
      <td
        class="hour"
      >
        <dl
          class="event-list"
        />
      </td>
      <td
        class="hour"
      >
        <dl
          class="event-list"
        />
      </td>
      <td
        class="hour"
      >
        <dl
          class="event-list"
        />
      </td>
    </tr>
    <tr>
      <td
        class="hour"
      >
        <span>
          16:00
        </span>
      </td>
       
      <td
        class="hour"
      >
        <dl
          class="event-list"
        />
      </td>
      <td
        class="hour"
      >
        <dl
          class="event-list"
        />
      </td>
      <td
        class="hour"
      >
        <dl
          class="event-list"
        />
      </td>
      <td
        class="hour"
      >
        <dl
          class="event-list"
        />
      </td>
      <td
        class="hour"
      >
        <dl
          class="event-list"
        />
      </td>
      <td
        class="hour"
      >
        <dl
          class="event-list"
        />
      </td>
      <td
        class="hour"
      >
        <dl
          class="event-list"
        />
      </td>
    </tr>
    <tr>
      <td
        class="hour"
      >
        <span>
          17:00
        </span>
      </td>
       
      <td
        class="hour"
      >
        <dl
          class="event-list"
        />
      </td>
      <td
        class="hour"
      >
        <dl
          class="event-list"
        />
      </td>
      <td
        class="hour"
      >
        <dl
          class="event-list"
        />
      </td>
      <td
        class="hour"
      >
        <dl
          class="event-list"
        />
      </td>
      <td
        class="hour"
      >
        <dl
          class="event-list"
        />
      </td>
      <td
        class="hour"
      >
        <dl
          class="event-list"
        />
      </td>
      <td
        class="hour"
      >
        <dl
          class="event-list"
        />
      </td>
    </tr>
    <tr>
      <td
        class="hour"
      >
        <span>
          18:00
        </span>
      </td>
       
      <td
        class="hour"
      >
        <dl
          class="event-list"
        />
      </td>
      <td
        class="hour"
      >
        <dl
          class="event-list"
        />
      </td>
      <td
        class="hour"
      >
        <dl
          class="event-list"
        />
      </td>
      <td
        class="hour"
      >
        <dl
          class="event-list"
        />
      </td>
      <td
        class="hour"
      >
        <dl
          class="event-list"
        />
      </td>
      <td
        class="hour"
      >
        <dl
          class="event-list"
        />
      </td>
      <td
        class="hour"
      >
        <dl
          class="event-list"
        />
      </td>
    </tr>
    <tr>
      <td
        class="hour"
      >
        <span>
          19:00
        </span>
      </td>
       
      <td
        class="hour"
      >
        <dl
          class="event-list"
        />
      </td>
      <td
        class="hour"
      >
        <dl
          class="event-list"
        />
      </td>
      <td
        class="hour"
      >
        <dl
          class="event-list"
        />
      </td>
      <td
        class="hour"
      >
        <dl
          class="event-list"
        />
      </td>
      <td
        class="hour"
      >
        <dl
          class="event-list"
        />
      </td>
      <td
        class="hour"
      >
        <dl
          class="event-list"
        />
      </td>
      <td
        class="hour"
      >
        <dl
          class="event-list"
        />
      </td>
    </tr>
    <tr>
      <td
        class="hour"
      >
        <span>
          20:00
        </span>
      </td>
       
      <td
        class="hour"
      >
        <dl
          class="event-list"
        />
      </td>
      <td
        class="hour"
      >
        <dl
          class="event-list"
        />
      </td>
      <td
        class="hour"
      >
        <dl
          class="event-list"
        />
      </td>
      <td
        class="hour"
      >
        <dl
          class="event-list"
        />
      </td>
      <td
        class="hour"
      >
        <dl
          class="event-list"
        />
      </td>
      <td
        class="hour"
      >
        <dl
          class="event-list"
        />
      </td>
      <td
        class="hour"
      >
        <dl
          class="event-list"
        />
      </td>
    </tr>
    <tr>
      <td
        class="hour"
      >
        <span>
          21:00
        </span>
      </td>
       
      <td
        class="hour"
      >
        <dl
          class="event-list"
        />
      </td>
      <td
        class="hour"
      >
        <dl
          class="event-list"
        />
      </td>
      <td
        class="hour"
      >
        <dl
          class="event-list"
        />
      </td>
      <td
        class="hour"
      >
        <dl
          class="event-list"
        />
      </td>
      <td
        class="hour"
      >
        <dl
          class="event-list"
        />
      </td>
      <td
        class="hour"
      >
        <dl
          class="event-list"
        />
      </td>
      <td
        class="hour"
      >
        <dl
          class="event-list"
        />
      </td>
    </tr>
    <tr>
      <td
        class="hour"
      >
        <span>
          22:00
        </span>
      </td>
       
      <td
        class="hour"
      >
        <dl
          class="event-list"
        />
      </td>
      <td
        class="hour"
      >
        <dl
          class="event-list"
        />
      </td>
      <td
        class="hour"
      >
        <dl
          class="event-list"
        />
      </td>
      <td
        class="hour"
      >
        <dl
          class="event-list"
        />
      </td>
      <td
        class="hour"
      >
        <dl
          class="event-list"
        />
      </td>
      <td
        class="hour"
      >
        <dl
          class="event-list"
        />
      </td>
      <td
        class="hour"
      >
        <dl
          class="event-list"
        />
      </td>
    </tr>
    <tr>
      <td
        class="hour"
      >
        <span>
          23:00
        </span>
      </td>
       
      <td
        class="hour"
      >
        <dl
          class="event-list"
        />
      </td>
      <td
        class="hour"
      >
        <dl
          class="event-list"
        />
      </td>
      <td
        class="hour"
      >
        <dl
          class="event-list"
        />
      </td>
      <td
        class="hour"
      >
        <dl
          class="event-list"
        />
      </td>
      <td
        class="hour"
      >
        <dl
          class="event-list"
        />
      </td>
      <td
        class="hour"
      >
        <dl
          class="event-list"
        />
      </td>
      <td
        class="hour"
      >
        <dl
          class="event-list"
        />
      </td>
    </tr>
  </tbody>
</table>
`;
